2026-09-06 14:22:52,946 - INFO - Save log to ./logs/training/spsl_ffpp_fit_2026-09-06-14-22-52
2026-09-06 14:22:52,946 - INFO - --------------- Study Configuration ---------------
2026-09-06 14:22:52,946 - INFO - mode: train
2026-09-06 14:22:52,946 - INFO - lmdb: False
2026-09-06 14:22:52,946 - INFO - dry_run: False
2026-09-06 14:22:52,946 - INFO - rgb_dir: ./study/training/materialized/rgb
2026-09-06 14:22:52,946 - INFO - lmdb_dir: ./datasets/lmdb
2026-09-06 14:22:52,946 - INFO - dataset_json_folder: ./study/training/materialized/dataset_json
2026-09-06 14:22:52,946 - INFO - SWA: False
2026-09-06 14:22:52,946 - INFO - save_avg: True
2026-09-06 14:22:52,946 - INFO - log_dir: ./logs/training/
2026-09-06 14:22:52,946 - INFO - label_dict: {'FF-real': 0, 'FF-DF': 1, 'FF-F2F': 1, 'FF-FS': 1, 'FF-NT': 1}
2026-09-06 14:22:52,946 - INFO - study_controlled_training: True
2026-09-06 14:22:52,946 - INFO - train_dataset: ['FaceForensics++']
2026-09-06 14:22:52,947 - INFO - test_dataset: ['FaceForensics++']
2026-09-06 14:22:52,947 - INFO - compression: raw
2026-09-06 14:22:52,947 - INFO - frame_num: {'train': 32, 'test': 32}
2026-09-06 14:22:52,947 - INFO - resolution: 256
2026-09-06 14:22:52,947 - INFO - with_mask: False
2026-09-06 14:22:52,947 - INFO - with_landmark: False
2026-09-06 14:22:52,947 - INFO - model_name: spsl
2026-09-06 14:22:52,947 - INFO - backbone_name: xception
2026-09-06 14:22:52,947 - INFO - pretrained: ./training/pretrained/xception-b5690688.pth
2026-09-06 14:22:52,947 - INFO - backbone_config: {'mode': 'original', 'num_classes': 2, 'inc': 4, 'dropout': False}
2026-09-06 14:22:52,947 - INFO - mean: [0.5, 0.5, 0.5]
2026-09-06 14:22:52,947 - INFO - std: [0.5, 0.5, 0.5]
2026-09-06 14:22:52,947 - INFO - use_data_augmentation: False
2026-09-06 14:22:52,947 - INFO - data_aug: {'flip_prob': 0.5, 'rotate_prob': 0.0, 'rotate_limit': [-10, 10], 'blur_prob': 0.0, 'blur_limit': [3, 7], 'brightness_limit': [-0.1, 0.1], 'contrast_limit': [-0.1, 0.1], 'quality_lower': 40, 'quality_upper': 100}
2026-09-06 14:22:52,947 - INFO - train_batchSize: 32
2026-09-06 14:22:52,947 - INFO - test_batchSize: 32
2026-09-06 14:22:52,947 - INFO - workers: 8
2026-09-06 14:22:52,947 - INFO - optimizer: {'type': 'adam', 'adam': {'lr': 0.0002, 'beta1': 0.9, 'beta2': 0.999, 'eps': 1e-08, 'weight_decay': 0.0005, 'amsgrad': False}}
2026-09-06 14:22:52,947 - INFO - lr_scheduler: None
2026-09-06 14:22:52,947 - INFO - nEpochs: 10
2026-09-06 14:22:52,947 - INFO - start_epoch: 0
2026-09-06 14:22:52,947 - INFO - save_epoch: 1
2026-09-06 14:22:52,947 - INFO - rec_iter: 100
2026-09-06 14:22:52,947 - INFO - logdir: ./logs
2026-09-06 14:22:52,947 - INFO - manualSeed: 1024
2026-09-06 14:22:52,947 - INFO - loss_func: cross_entropy
2026-09-06 14:22:52,948 - INFO - losstype: None
2026-09-06 14:22:52,948 - INFO - metric_scoring: video_auc
2026-09-06 14:22:52,948 - INFO - cuda: True
2026-09-06 14:22:52,948 - INFO - cudnn: True
2026-09-06 14:22:52,948 - INFO - local_rank: 0
2026-09-06 14:22:52,948 - INFO - ddp: False
2026-09-06 14:22:52,948 - INFO - save_ckpt: True
2026-09-06 14:22:52,948 - INFO - save_feat: False
2026-09-06 14:22:52,948 - INFO - task_target: ffpp_fit
2026-09-06 14:22:53,290 - INFO - Study training loader contract: {'model_name': 'spsl', 'loader_batch_size': 32, 'effective_image_batch_size': 32, 'workers': 8, 'seed': 1024, 'optimizer_steps_per_epoch': 4608, 'image_exposures_per_epoch': 147456, 'batch_size': 32, 'real_per_batch': 16, 'fake_per_batch': 16, 'real_source_items': 18426, 'fake_source_items': 73651, 'fake_method_source_counts': {'FF-DF': 18398, 'FF-F2F': 18423, 'FF-FS': 18423, 'FF-NT': 18407}, 'fake_method_target_exposures': {'FF-DF': 18432, 'FF-F2F': 18432, 'FF-FS': 18432, 'FF-NT': 18432}, 'fake_method_repeat_counts': {'FF-DF': 34, 'FF-F2F': 9, 'FF-FS': 9, 'FF-NT': 25}, 'real_exposures_per_epoch': 73728, 'fake_exposures_per_epoch': 73728, 'real_sampling': 'with_replacement', 'epoch': 0, 'sampling_mode': 'balanced_fixed_method_exposure'}
2026-09-06 14:22:53,746 - INFO - Load pretrained model from ./training/pretrained/xception-b5690688.pth
2026-09-06 14:22:53,756 - INFO - Copy conv1 from pretrained model
2026-09-06 14:22:57,715 - INFO - Controlled Trainer initialized.
2026-09-06 14:22:57,715 - INFO - Checkpoint selection metric: video_auc
2026-09-06 14:22:57,715 - INFO - Checkpoint tie policy: retain earlier checkpoint.
2026-09-06 14:22:57,715 - INFO - Study training budget: {'start_epoch': 0, 'n_epochs': 10, 'completed_epochs_this_run': 10, 'steps_per_epoch': 4608, 'effective_images_per_step': 32, 'optimizer_steps_this_run': 46080, 'image_exposures_this_run': 1474560}
2026-09-06 14:22:57,715 - INFO - ===> Epoch[0] start
2026-09-06 14:23:02,914 - INFO - Epoch[0] optimizer-step 1/4608: overall=0.680505
2026-09-06 14:23:49,150 - INFO - Epoch[0] optimizer-step 100/4608: overall=0.455632
2026-09-06 14:24:37,030 - INFO - Epoch[0] optimizer-step 200/4608: overall=0.368589
2026-09-06 14:25:25,859 - INFO - Epoch[0] optimizer-step 300/4608: overall=0.311724
2026-09-06 14:26:14,764 - INFO - Epoch[0] optimizer-step 400/4608: overall=0.282251
2026-09-06 14:27:04,047 - INFO - Epoch[0] optimizer-step 500/4608: overall=0.259120
2026-09-06 14:27:53,322 - INFO - Epoch[0] optimizer-step 600/4608: overall=0.241841
2026-09-06 14:28:42,980 - INFO - Epoch[0] optimizer-step 700/4608: overall=0.227668
2026-09-06 14:29:32,259 - INFO - Epoch[0] optimizer-step 800/4608: overall=0.214354
2026-09-06 14:30:21,983 - INFO - Epoch[0] optimizer-step 900/4608: overall=0.205258
2026-09-06 14:31:11,610 - INFO - Epoch[0] optimizer-step 1000/4608: overall=0.197164
2026-09-06 14:32:01,668 - INFO - Epoch[0] optimizer-step 1100/4608: overall=0.189394
2026-09-06 14:32:51,506 - INFO - Epoch[0] optimizer-step 1200/4608: overall=0.182525
2026-09-06 14:33:41,762 - INFO - Epoch[0] optimizer-step 1300/4608: overall=0.177387
2026-09-06 14:34:31,463 - INFO - Epoch[0] optimizer-step 1400/4608: overall=0.171698
2026-09-06 14:35:21,321 - INFO - Epoch[0] optimizer-step 1500/4608: overall=0.167009
2026-09-06 14:36:11,316 - INFO - Epoch[0] optimizer-step 1600/4608: overall=0.161759
2026-09-06 14:37:01,267 - INFO - Epoch[0] optimizer-step 1700/4608: overall=0.157306
2026-09-06 14:37:51,237 - INFO - Epoch[0] optimizer-step 1800/4608: overall=0.154171
2026-09-06 14:38:41,496 - INFO - Epoch[0] optimizer-step 1900/4608: overall=0.150691
2026-09-06 14:39:31,928 - INFO - Epoch[0] optimizer-step 2000/4608: overall=0.147427
2026-09-06 14:40:22,026 - INFO - Epoch[0] optimizer-step 2100/4608: overall=0.144584
2026-09-06 14:41:12,147 - INFO - Epoch[0] optimizer-step 2200/4608: overall=0.142037
2026-09-06 14:42:02,352 - INFO - Epoch[0] optimizer-step 2300/4608: overall=0.139578
2026-09-06 14:42:52,538 - INFO - Epoch[0] optimizer-step 2400/4608: overall=0.137456
2026-09-06 14:43:43,029 - INFO - Epoch[0] optimizer-step 2500/4608: overall=0.135369
2026-09-06 14:44:33,202 - INFO - Epoch[0] optimizer-step 2600/4608: overall=0.132998
2026-09-06 14:45:23,473 - INFO - Epoch[0] optimizer-step 2700/4608: overall=0.130850
2026-09-06 14:46:13,872 - INFO - Epoch[0] optimizer-step 2800/4608: overall=0.129061
2026-09-06 14:47:04,022 - INFO - Epoch[0] optimizer-step 2900/4608: overall=0.127427
2026-09-06 14:47:53,948 - INFO - Epoch[0] optimizer-step 3000/4608: overall=0.125904
2026-09-06 14:48:44,060 - INFO - Epoch[0] optimizer-step 3100/4608: overall=0.123913
2026-09-06 14:49:34,309 - INFO - Epoch[0] optimizer-step 3200/4608: overall=0.122464
2026-09-06 14:50:24,289 - INFO - Epoch[0] optimizer-step 3300/4608: overall=0.120765
2026-09-06 14:51:14,539 - INFO - Epoch[0] optimizer-step 3400/4608: overall=0.119490
2026-09-06 14:52:04,410 - INFO - Epoch[0] optimizer-step 3500/4608: overall=0.117976
2026-09-06 14:52:54,825 - INFO - Epoch[0] optimizer-step 3600/4608: overall=0.116213
2026-09-06 14:53:45,060 - INFO - Epoch[0] optimizer-step 3700/4608: overall=0.115528
2026-09-06 14:54:35,734 - INFO - Epoch[0] optimizer-step 3800/4608: overall=0.114409
2026-09-06 14:55:26,103 - INFO - Epoch[0] optimizer-step 3900/4608: overall=0.112960
2026-09-06 14:56:16,346 - INFO - Epoch[0] optimizer-step 4000/4608: overall=0.111913
2026-09-06 14:57:06,780 - INFO - Epoch[0] optimizer-step 4100/4608: overall=0.110606
2026-09-06 14:57:57,106 - INFO - Epoch[0] optimizer-step 4200/4608: overall=0.109635
2026-09-06 14:58:47,898 - INFO - Epoch[0] optimizer-step 4300/4608: overall=0.108597
2026-09-06 14:59:38,443 - INFO - Epoch[0] optimizer-step 4400/4608: overall=0.107588
2026-09-06 15:00:29,626 - INFO - Epoch[0] optimizer-step 4500/4608: overall=0.106485
2026-09-06 15:01:20,808 - INFO - Epoch[0] optimizer-step 4600/4608: overall=0.105448
2026-09-06 15:01:24,847 - INFO - Epoch[0] optimizer-step 4608/4608: overall=0.105383
2026-09-06 15:03:02,173 - INFO - Best checkpoint saved: ./logs/training/spsl_ffpp_fit_2026-09-06-14-22-52/checkpoints/best.pth
2026-09-06 15:03:02,173 - INFO - Best checkpoint metadata saved: ./logs/training/spsl_ffpp_fit_2026-09-06-14-22-52/checkpoints/best_metadata.json
2026-09-06 15:03:02,174 - INFO - ===> Epoch[0] completed; DEV frame_auc=0.977805, video_auc=0.994285, videos=720, best=True
2026-09-06 15:03:02,175 - INFO - ===> Epoch[0] end with DEV video_auc: 
================================ Each dataset best metric ================================ 
| DEV:  video_auc=0.9942853009259259  frame_auc=0.9778048791755669  completed_epoch=0  optimizer_steps_completed=4608  video_count=720  real_video_count=144  fake_video_count=576 | 
=============================================================================================
2026-09-06 15:03:02,175 - INFO - ===> Epoch[1] start
2026-09-06 15:03:03,122 - INFO - Epoch[1] optimizer-step 1/4608: overall=0.153483
2026-09-06 15:03:53,416 - INFO - Epoch[1] optimizer-step 100/4608: overall=0.070939
2026-09-06 15:04:44,015 - INFO - Epoch[1] optimizer-step 200/4608: overall=0.060867
2026-09-06 15:05:34,620 - INFO - Epoch[1] optimizer-step 300/4608: overall=0.061425
2026-09-06 15:06:25,429 - INFO - Epoch[1] optimizer-step 400/4608: overall=0.058772
2026-09-06 15:07:15,944 - INFO - Epoch[1] optimizer-step 500/4608: overall=0.057594
2026-09-06 15:08:06,523 - INFO - Epoch[1] optimizer-step 600/4608: overall=0.057574
2026-09-06 15:08:57,285 - INFO - Epoch[1] optimizer-step 700/4608: overall=0.057434
2026-09-06 15:09:47,708 - INFO - Epoch[1] optimizer-step 800/4608: overall=0.057186
2026-09-06 15:10:38,145 - INFO - Epoch[1] optimizer-step 900/4608: overall=0.056531
2026-09-06 15:11:28,628 - INFO - Epoch[1] optimizer-step 1000/4608: overall=0.056701
2026-09-06 15:12:19,123 - INFO - Epoch[1] optimizer-step 1100/4608: overall=0.055963
2026-09-06 15:13:09,746 - INFO - Epoch[1] optimizer-step 1200/4608: overall=0.055128
2026-09-06 15:14:00,404 - INFO - Epoch[1] optimizer-step 1300/4608: overall=0.055240
2026-09-06 15:14:50,935 - INFO - Epoch[1] optimizer-step 1400/4608: overall=0.055509
2026-09-06 15:15:41,171 - INFO - Epoch[1] optimizer-step 1500/4608: overall=0.055150
2026-09-06 15:16:31,710 - INFO - Epoch[1] optimizer-step 1600/4608: overall=0.055145
2026-09-06 15:17:22,390 - INFO - Epoch[1] optimizer-step 1700/4608: overall=0.054901
2026-09-06 15:18:12,725 - INFO - Epoch[1] optimizer-step 1800/4608: overall=0.054729
2026-09-06 15:19:03,353 - INFO - Epoch[1] optimizer-step 1900/4608: overall=0.054407
2026-09-06 15:19:54,167 - INFO - Epoch[1] optimizer-step 2000/4608: overall=0.054693
2026-09-06 15:20:44,747 - INFO - Epoch[1] optimizer-step 2100/4608: overall=0.054345
2026-09-06 15:21:35,363 - INFO - Epoch[1] optimizer-step 2200/4608: overall=0.054258
2026-09-06 15:22:25,865 - INFO - Epoch[1] optimizer-step 2300/4608: overall=0.054386
2026-09-06 15:23:16,213 - INFO - Epoch[1] optimizer-step 2400/4608: overall=0.054328
2026-09-06 15:24:06,455 - INFO - Epoch[1] optimizer-step 2500/4608: overall=0.054416
2026-09-06 15:24:57,110 - INFO - Epoch[1] optimizer-step 2600/4608: overall=0.054265
2026-09-06 15:25:47,272 - INFO - Epoch[1] optimizer-step 2700/4608: overall=0.053922
2026-09-06 15:26:37,519 - INFO - Epoch[1] optimizer-step 2800/4608: overall=0.053967
2026-09-06 15:27:28,067 - INFO - Epoch[1] optimizer-step 2900/4608: overall=0.054021
2026-09-06 15:28:18,337 - INFO - Epoch[1] optimizer-step 3000/4608: overall=0.053629
2026-09-06 15:29:08,753 - INFO - Epoch[1] optimizer-step 3100/4608: overall=0.053452
2026-09-06 15:29:59,252 - INFO - Epoch[1] optimizer-step 3200/4608: overall=0.053325
2026-09-06 15:30:49,663 - INFO - Epoch[1] optimizer-step 3300/4608: overall=0.053368
2026-09-06 15:31:39,985 - INFO - Epoch[1] optimizer-step 3400/4608: overall=0.053345
2026-09-06 15:32:30,752 - INFO - Epoch[1] optimizer-step 3500/4608: overall=0.053422
2026-09-06 15:33:21,132 - INFO - Epoch[1] optimizer-step 3600/4608: overall=0.053200
2026-09-06 15:34:11,569 - INFO - Epoch[1] optimizer-step 3700/4608: overall=0.052845
2026-09-06 15:35:01,951 - INFO - Epoch[1] optimizer-step 3800/4608: overall=0.052749
2026-09-06 15:35:52,851 - INFO - Epoch[1] optimizer-step 3900/4608: overall=0.052847
2026-09-06 15:36:43,288 - INFO - Epoch[1] optimizer-step 4000/4608: overall=0.052689
2026-09-06 15:37:34,257 - INFO - Epoch[1] optimizer-step 4100/4608: overall=0.052557
2026-09-06 15:38:24,959 - INFO - Epoch[1] optimizer-step 4200/4608: overall=0.052373
2026-09-06 15:39:15,385 - INFO - Epoch[1] optimizer-step 4300/4608: overall=0.052248
2026-09-06 15:40:05,875 - INFO - Epoch[1] optimizer-step 4400/4608: overall=0.052219
2026-09-06 15:40:56,652 - INFO - Epoch[1] optimizer-step 4500/4608: overall=0.052271
2026-09-06 15:41:46,969 - INFO - Epoch[1] optimizer-step 4600/4608: overall=0.052299
2026-09-06 15:41:51,033 - INFO - Epoch[1] optimizer-step 4608/4608: overall=0.052284
2026-09-06 15:43:27,421 - INFO - Best checkpoint saved: ./logs/training/spsl_ffpp_fit_2026-09-06-14-22-52/checkpoints/best.pth
2026-09-06 15:43:27,422 - INFO - Best checkpoint metadata saved: ./logs/training/spsl_ffpp_fit_2026-09-06-14-22-52/checkpoints/best_metadata.json
2026-09-06 15:43:27,423 - INFO - ===> Epoch[1] completed; DEV frame_auc=0.985073, video_auc=0.996865, videos=720, best=True
2026-09-06 15:43:27,423 - INFO - ===> Epoch[1] end with DEV video_auc: 
================================ Each dataset best metric ================================ 
| DEV:  video_auc=0.9968653549382717  frame_auc=0.9850725757896318  completed_epoch=1  optimizer_steps_completed=9216  video_count=720  real_video_count=144  fake_video_count=576 | 
=============================================================================================
2026-09-06 15:43:27,424 - INFO - ===> Epoch[2] start
2026-09-06 15:43:28,390 - INFO - Epoch[2] optimizer-step 1/4608: overall=0.008444
2026-09-06 15:44:18,284 - INFO - Epoch[2] optimizer-step 100/4608: overall=0.036025
2026-09-06 15:45:08,872 - INFO - Epoch[2] optimizer-step 200/4608: overall=0.038097
2026-09-06 15:45:59,179 - INFO - Epoch[2] optimizer-step 300/4608: overall=0.037080
2026-09-06 15:46:49,590 - INFO - Epoch[2] optimizer-step 400/4608: overall=0.033602
2026-09-06 15:47:39,848 - INFO - Epoch[2] optimizer-step 500/4608: overall=0.034962
2026-09-06 15:48:30,208 - INFO - Epoch[2] optimizer-step 600/4608: overall=0.036100
2026-09-06 15:49:20,464 - INFO - Epoch[2] optimizer-step 700/4608: overall=0.035811
2026-09-06 15:50:11,245 - INFO - Epoch[2] optimizer-step 800/4608: overall=0.036453
2026-09-06 15:51:01,819 - INFO - Epoch[2] optimizer-step 900/4608: overall=0.036000
2026-09-06 15:51:51,867 - INFO - Epoch[2] optimizer-step 1000/4608: overall=0.036101
2026-09-06 15:52:42,292 - INFO - Epoch[2] optimizer-step 1100/4608: overall=0.036648
2026-09-06 15:53:32,625 - INFO - Epoch[2] optimizer-step 1200/4608: overall=0.037228
2026-09-06 15:54:22,968 - INFO - Epoch[2] optimizer-step 1300/4608: overall=0.037588
2026-09-06 15:55:13,493 - INFO - Epoch[2] optimizer-step 1400/4608: overall=0.037702
2026-09-06 15:56:04,341 - INFO - Epoch[2] optimizer-step 1500/4608: overall=0.036995
2026-09-06 15:56:54,987 - INFO - Epoch[2] optimizer-step 1600/4608: overall=0.037549
2026-09-06 15:57:45,716 - INFO - Epoch[2] optimizer-step 1700/4608: overall=0.038014
2026-09-06 15:58:36,266 - INFO - Epoch[2] optimizer-step 1800/4608: overall=0.038016
2026-09-06 15:59:26,671 - INFO - Epoch[2] optimizer-step 1900/4608: overall=0.038121
2026-09-06 16:00:17,200 - INFO - Epoch[2] optimizer-step 2000/4608: overall=0.038283
2026-09-06 16:01:07,900 - INFO - Epoch[2] optimizer-step 2100/4608: overall=0.038520
2026-09-06 16:01:57,944 - INFO - Epoch[2] optimizer-step 2200/4608: overall=0.038671
2026-09-06 16:02:47,943 - INFO - Epoch[2] optimizer-step 2300/4608: overall=0.038242
2026-09-06 16:03:38,106 - INFO - Epoch[2] optimizer-step 2400/4608: overall=0.038528
2026-09-06 16:04:27,929 - INFO - Epoch[2] optimizer-step 2500/4608: overall=0.038682
2026-09-06 16:05:17,593 - INFO - Epoch[2] optimizer-step 2600/4608: overall=0.038564
2026-09-06 16:06:07,550 - INFO - Epoch[2] optimizer-step 2700/4608: overall=0.038591
2026-09-06 16:06:57,706 - INFO - Epoch[2] optimizer-step 2800/4608: overall=0.038824
2026-09-06 16:07:47,413 - INFO - Epoch[2] optimizer-step 2900/4608: overall=0.038965
2026-09-06 16:08:37,977 - INFO - Epoch[2] optimizer-step 3000/4608: overall=0.039044
2026-09-06 16:09:28,087 - INFO - Epoch[2] optimizer-step 3100/4608: overall=0.038898
2026-09-06 16:10:18,375 - INFO - Epoch[2] optimizer-step 3200/4608: overall=0.038702
2026-09-06 16:11:08,198 - INFO - Epoch[2] optimizer-step 3300/4608: overall=0.039215
2026-09-06 16:11:57,898 - INFO - Epoch[2] optimizer-step 3400/4608: overall=0.039023
2026-09-06 16:12:47,622 - INFO - Epoch[2] optimizer-step 3500/4608: overall=0.039037
2026-09-06 16:13:37,085 - INFO - Epoch[2] optimizer-step 3600/4608: overall=0.038939
2026-09-06 16:14:26,747 - INFO - Epoch[2] optimizer-step 3700/4608: overall=0.039006
2026-09-06 16:15:16,397 - INFO - Epoch[2] optimizer-step 3800/4608: overall=0.038772
2026-09-06 16:16:05,981 - INFO - Epoch[2] optimizer-step 3900/4608: overall=0.038619
2026-09-06 16:16:54,922 - INFO - Epoch[2] optimizer-step 4000/4608: overall=0.038543
2026-09-06 16:17:44,937 - INFO - Epoch[2] optimizer-step 4100/4608: overall=0.038668
2026-09-06 16:18:34,395 - INFO - Epoch[2] optimizer-step 4200/4608: overall=0.038369
2026-09-06 16:19:23,811 - INFO - Epoch[2] optimizer-step 4300/4608: overall=0.038728
2026-09-06 16:20:13,155 - INFO - Epoch[2] optimizer-step 4400/4608: overall=0.038713
2026-09-06 16:21:02,148 - INFO - Epoch[2] optimizer-step 4500/4608: overall=0.038481
2026-09-06 16:21:51,221 - INFO - Epoch[2] optimizer-step 4600/4608: overall=0.038421
2026-09-06 16:21:55,075 - INFO - Epoch[2] optimizer-step 4608/4608: overall=0.038377
2026-09-06 16:23:29,855 - INFO - Best checkpoint saved: ./logs/training/spsl_ffpp_fit_2026-09-06-14-22-52/checkpoints/best.pth
2026-09-06 16:23:29,855 - INFO - Best checkpoint metadata saved: ./logs/training/spsl_ffpp_fit_2026-09-06-14-22-52/checkpoints/best_metadata.json
2026-09-06 16:23:29,855 - INFO - ===> Epoch[2] completed; DEV frame_auc=0.985324, video_auc=0.998589, videos=720, best=True
2026-09-06 16:23:29,856 - INFO - ===> Epoch[2] end with DEV video_auc: 
================================ Each dataset best metric ================================ 
| DEV:  video_auc=0.9985894097222223  frame_auc=0.9853236019563164  completed_epoch=2  optimizer_steps_completed=13824  video_count=720  real_video_count=144  fake_video_count=576 | 
=============================================================================================
2026-09-06 16:23:29,857 - INFO - ===> Epoch[3] start
2026-09-06 16:23:31,018 - INFO - Epoch[3] optimizer-step 1/4608: overall=0.024700
2026-09-06 16:24:19,476 - INFO - Epoch[3] optimizer-step 100/4608: overall=0.027537
2026-09-06 16:25:08,670 - INFO - Epoch[3] optimizer-step 200/4608: overall=0.027937
2026-09-06 16:25:57,835 - INFO - Epoch[3] optimizer-step 300/4608: overall=0.030212
2026-09-06 16:26:47,013 - INFO - Epoch[3] optimizer-step 400/4608: overall=0.030182
2026-09-06 16:27:36,805 - INFO - Epoch[3] optimizer-step 500/4608: overall=0.032764
2026-09-06 16:28:26,351 - INFO - Epoch[3] optimizer-step 600/4608: overall=0.033073
2026-09-06 16:29:15,851 - INFO - Epoch[3] optimizer-step 700/4608: overall=0.032926
2026-09-06 16:30:04,642 - INFO - Epoch[3] optimizer-step 800/4608: overall=0.033494
2026-09-06 16:30:53,856 - INFO - Epoch[3] optimizer-step 900/4608: overall=0.034214
2026-09-06 16:31:43,643 - INFO - Epoch[3] optimizer-step 1000/4608: overall=0.034319
2026-09-06 16:32:32,801 - INFO - Epoch[3] optimizer-step 1100/4608: overall=0.033747
2026-09-06 16:33:21,945 - INFO - Epoch[3] optimizer-step 1200/4608: overall=0.032951
2026-09-06 16:34:11,254 - INFO - Epoch[3] optimizer-step 1300/4608: overall=0.033392
2026-09-06 16:35:00,025 - INFO - Epoch[3] optimizer-step 1400/4608: overall=0.032862
2026-09-06 16:35:49,187 - INFO - Epoch[3] optimizer-step 1500/4608: overall=0.032479
2026-09-06 16:36:38,349 - INFO - Epoch[3] optimizer-step 1600/4608: overall=0.032000
2026-09-06 16:37:27,393 - INFO - Epoch[3] optimizer-step 1700/4608: overall=0.032332
2026-09-06 16:38:16,236 - INFO - Epoch[3] optimizer-step 1800/4608: overall=0.032371
2026-09-06 16:39:05,417 - INFO - Epoch[3] optimizer-step 1900/4608: overall=0.031939
2026-09-06 16:39:53,877 - INFO - Epoch[3] optimizer-step 2000/4608: overall=0.032267
2026-09-06 16:40:42,477 - INFO - Epoch[3] optimizer-step 2100/4608: overall=0.032068
2026-09-06 16:41:30,835 - INFO - Epoch[3] optimizer-step 2200/4608: overall=0.032325
2026-09-06 16:42:19,271 - INFO - Epoch[3] optimizer-step 2300/4608: overall=0.032206
2026-09-06 16:43:07,607 - INFO - Epoch[3] optimizer-step 2400/4608: overall=0.032302
2026-09-06 16:43:56,110 - INFO - Epoch[3] optimizer-step 2500/4608: overall=0.032067
2026-09-06 16:44:44,655 - INFO - Epoch[3] optimizer-step 2600/4608: overall=0.032385
2026-09-06 16:45:32,958 - INFO - Epoch[3] optimizer-step 2700/4608: overall=0.032448
2026-09-06 16:46:21,359 - INFO - Epoch[3] optimizer-step 2800/4608: overall=0.032724
2026-09-06 16:47:10,480 - INFO - Epoch[3] optimizer-step 2900/4608: overall=0.032571
2026-09-06 16:47:59,278 - INFO - Epoch[3] optimizer-step 3000/4608: overall=0.032353
2026-09-06 16:48:48,371 - INFO - Epoch[3] optimizer-step 3100/4608: overall=0.032300
2026-09-06 16:49:37,208 - INFO - Epoch[3] optimizer-step 3200/4608: overall=0.032100
2026-09-06 16:50:26,486 - INFO - Epoch[3] optimizer-step 3300/4608: overall=0.031997
2026-09-06 16:51:15,356 - INFO - Epoch[3] optimizer-step 3400/4608: overall=0.031944
2026-09-06 16:52:03,624 - INFO - Epoch[3] optimizer-step 3500/4608: overall=0.031770
2026-09-06 16:52:52,441 - INFO - Epoch[3] optimizer-step 3600/4608: overall=0.031889
2026-09-06 16:53:41,083 - INFO - Epoch[3] optimizer-step 3700/4608: overall=0.031799
2026-09-06 16:54:29,479 - INFO - Epoch[3] optimizer-step 3800/4608: overall=0.031614
2026-09-06 16:55:18,081 - INFO - Epoch[3] optimizer-step 3900/4608: overall=0.031779
2026-09-06 16:56:06,629 - INFO - Epoch[3] optimizer-step 4000/4608: overall=0.031688
2026-09-06 16:56:55,477 - INFO - Epoch[3] optimizer-step 4100/4608: overall=0.031838
2026-09-06 16:57:44,341 - INFO - Epoch[3] optimizer-step 4200/4608: overall=0.031668
2026-09-06 16:58:33,127 - INFO - Epoch[3] optimizer-step 4300/4608: overall=0.031482
2026-09-06 16:59:21,937 - INFO - Epoch[3] optimizer-step 4400/4608: overall=0.031433
2026-09-06 17:00:10,902 - INFO - Epoch[3] optimizer-step 4500/4608: overall=0.031646
2026-09-06 17:00:59,422 - INFO - Epoch[3] optimizer-step 4600/4608: overall=0.031752
2026-09-06 17:01:03,286 - INFO - Epoch[3] optimizer-step 4608/4608: overall=0.031825
2026-09-06 17:02:36,955 - INFO - ===> Epoch[3] completed; DEV frame_auc=0.983039, video_auc=0.996263, videos=720, best=False
2026-09-06 17:02:36,955 - INFO - ===> Epoch[3] end with DEV video_auc: 
================================ Each dataset best metric ================================ 
| DEV:  video_auc=0.9985894097222223  frame_auc=0.9853236019563164  completed_epoch=2  optimizer_steps_completed=13824  video_count=720  real_video_count=144  fake_video_count=576 | 
=============================================================================================
2026-09-06 17:02:36,956 - INFO - ===> Epoch[4] start
2026-09-06 17:02:38,086 - INFO - Epoch[4] optimizer-step 1/4608: overall=0.003933
2026-09-06 17:03:26,611 - INFO - Epoch[4] optimizer-step 100/4608: overall=0.029113
2026-09-06 17:04:15,676 - INFO - Epoch[4] optimizer-step 200/4608: overall=0.027833
2026-09-06 17:05:04,516 - INFO - Epoch[4] optimizer-step 300/4608: overall=0.029192
2026-09-06 17:05:53,405 - INFO - Epoch[4] optimizer-step 400/4608: overall=0.028305
2026-09-06 17:06:42,166 - INFO - Epoch[4] optimizer-step 500/4608: overall=0.027427
2026-09-06 17:07:30,901 - INFO - Epoch[4] optimizer-step 600/4608: overall=0.027617
2026-09-06 17:08:19,386 - INFO - Epoch[4] optimizer-step 700/4608: overall=0.027598
2026-09-06 17:09:07,368 - INFO - Epoch[4] optimizer-step 800/4608: overall=0.027296
2026-09-06 17:09:55,519 - INFO - Epoch[4] optimizer-step 900/4608: overall=0.027295
2026-09-06 17:10:44,059 - INFO - Epoch[4] optimizer-step 1000/4608: overall=0.027340
2026-09-06 17:11:32,390 - INFO - Epoch[4] optimizer-step 1100/4608: overall=0.027964
2026-09-06 17:12:21,188 - INFO - Epoch[4] optimizer-step 1200/4608: overall=0.028698
2026-09-06 17:13:09,656 - INFO - Epoch[4] optimizer-step 1300/4608: overall=0.029002
2026-09-06 17:13:58,470 - INFO - Epoch[4] optimizer-step 1400/4608: overall=0.028274
2026-09-06 17:14:47,247 - INFO - Epoch[4] optimizer-step 1500/4608: overall=0.028185
2026-09-06 17:15:35,725 - INFO - Epoch[4] optimizer-step 1600/4608: overall=0.027922
2026-09-06 17:16:24,715 - INFO - Epoch[4] optimizer-step 1700/4608: overall=0.027790
2026-09-06 17:17:13,110 - INFO - Epoch[4] optimizer-step 1800/4608: overall=0.028301
2026-09-06 17:18:01,747 - INFO - Epoch[4] optimizer-step 1900/4608: overall=0.029087
2026-09-06 17:18:50,211 - INFO - Epoch[4] optimizer-step 2000/4608: overall=0.028505
2026-09-06 17:19:38,669 - INFO - Epoch[4] optimizer-step 2100/4608: overall=0.028964
2026-09-06 17:20:27,231 - INFO - Epoch[4] optimizer-step 2200/4608: overall=0.028820
2026-09-06 17:21:15,930 - INFO - Epoch[4] optimizer-step 2300/4608: overall=0.028507
2026-09-06 17:22:04,306 - INFO - Epoch[4] optimizer-step 2400/4608: overall=0.028516
2026-09-06 17:22:52,980 - INFO - Epoch[4] optimizer-step 2500/4608: overall=0.028702
2026-09-06 17:23:41,449 - INFO - Epoch[4] optimizer-step 2600/4608: overall=0.028824
2026-09-06 17:24:30,160 - INFO - Epoch[4] optimizer-step 2700/4608: overall=0.028708
2026-09-06 17:25:18,655 - INFO - Epoch[4] optimizer-step 2800/4608: overall=0.028446
2026-09-06 17:26:06,754 - INFO - Epoch[4] optimizer-step 2900/4608: overall=0.028204
2026-09-06 17:26:55,164 - INFO - Epoch[4] optimizer-step 3000/4608: overall=0.028236
2026-09-06 17:27:43,141 - INFO - Epoch[4] optimizer-step 3100/4608: overall=0.028301
2026-09-06 17:28:31,387 - INFO - Epoch[4] optimizer-step 3200/4608: overall=0.028273
2026-09-06 17:29:19,596 - INFO - Epoch[4] optimizer-step 3300/4608: overall=0.028276
2026-09-06 17:30:07,984 - INFO - Epoch[4] optimizer-step 3400/4608: overall=0.028163
2026-09-06 17:30:56,688 - INFO - Epoch[4] optimizer-step 3500/4608: overall=0.028010
2026-09-06 17:31:44,822 - INFO - Epoch[4] optimizer-step 3600/4608: overall=0.027949
2026-09-06 17:32:33,681 - INFO - Epoch[4] optimizer-step 3700/4608: overall=0.028005
2026-09-06 17:33:22,582 - INFO - Epoch[4] optimizer-step 3800/4608: overall=0.028015
2026-09-06 17:34:11,187 - INFO - Epoch[4] optimizer-step 3900/4608: overall=0.028149
2026-09-06 17:35:00,140 - INFO - Epoch[4] optimizer-step 4000/4608: overall=0.027790
2026-09-06 17:35:48,787 - INFO - Epoch[4] optimizer-step 4100/4608: overall=0.027606
2026-09-06 17:36:37,232 - INFO - Epoch[4] optimizer-step 4200/4608: overall=0.027850
2026-09-06 17:37:26,341 - INFO - Epoch[4] optimizer-step 4300/4608: overall=0.028007
2026-09-06 17:38:15,066 - INFO - Epoch[4] optimizer-step 4400/4608: overall=0.027954
2026-09-06 17:39:04,172 - INFO - Epoch[4] optimizer-step 4500/4608: overall=0.028046
2026-09-06 17:39:53,014 - INFO - Epoch[4] optimizer-step 4600/4608: overall=0.028018
2026-09-06 17:39:56,866 - INFO - Epoch[4] optimizer-step 4608/4608: overall=0.028000
2026-09-06 17:41:31,402 - INFO - ===> Epoch[4] completed; DEV frame_auc=0.986918, video_auc=0.996323, videos=720, best=False
2026-09-06 17:41:31,403 - INFO - ===> Epoch[4] end with DEV video_auc: 
================================ Each dataset best metric ================================ 
| DEV:  video_auc=0.9985894097222223  frame_auc=0.9853236019563164  completed_epoch=2  optimizer_steps_completed=13824  video_count=720  real_video_count=144  fake_video_count=576 | 
=============================================================================================
2026-09-06 17:41:31,403 - INFO - ===> Epoch[5] start
2026-09-06 17:41:32,396 - INFO - Epoch[5] optimizer-step 1/4608: overall=0.006927
2026-09-06 17:42:20,908 - INFO - Epoch[5] optimizer-step 100/4608: overall=0.022642
2026-09-06 17:43:09,730 - INFO - Epoch[5] optimizer-step 200/4608: overall=0.020512
2026-09-06 17:43:58,704 - INFO - Epoch[5] optimizer-step 300/4608: overall=0.023531
2026-09-06 17:44:47,534 - INFO - Epoch[5] optimizer-step 400/4608: overall=0.023681
2026-09-06 17:45:36,450 - INFO - Epoch[5] optimizer-step 500/4608: overall=0.024055
2026-09-06 17:46:25,844 - INFO - Epoch[5] optimizer-step 600/4608: overall=0.024294
2026-09-06 17:47:14,380 - INFO - Epoch[5] optimizer-step 700/4608: overall=0.023091
2026-09-06 17:48:03,308 - INFO - Epoch[5] optimizer-step 800/4608: overall=0.022691
2026-09-06 17:48:52,168 - INFO - Epoch[5] optimizer-step 900/4608: overall=0.021904
2026-09-06 17:49:41,165 - INFO - Epoch[5] optimizer-step 1000/4608: overall=0.022577
2026-09-06 17:50:30,327 - INFO - Epoch[5] optimizer-step 1100/4608: overall=0.022135
2026-09-06 17:51:18,826 - INFO - Epoch[5] optimizer-step 1200/4608: overall=0.022339
2026-09-06 17:52:08,320 - INFO - Epoch[5] optimizer-step 1300/4608: overall=0.022629
2026-09-06 17:52:57,506 - INFO - Epoch[5] optimizer-step 1400/4608: overall=0.022937
2026-09-06 17:53:46,710 - INFO - Epoch[5] optimizer-step 1500/4608: overall=0.023338
2026-09-06 17:54:36,458 - INFO - Epoch[5] optimizer-step 1600/4608: overall=0.022762
2026-09-06 17:55:25,903 - INFO - Epoch[5] optimizer-step 1700/4608: overall=0.023135
2026-09-06 17:56:15,132 - INFO - Epoch[5] optimizer-step 1800/4608: overall=0.023202
2026-09-06 17:57:04,939 - INFO - Epoch[5] optimizer-step 1900/4608: overall=0.023682
2026-09-06 17:57:54,390 - INFO - Epoch[5] optimizer-step 2000/4608: overall=0.023922
2026-09-06 17:58:43,489 - INFO - Epoch[5] optimizer-step 2100/4608: overall=0.023896
2026-09-06 17:59:33,042 - INFO - Epoch[5] optimizer-step 2200/4608: overall=0.023988
2026-09-06 18:00:22,026 - INFO - Epoch[5] optimizer-step 2300/4608: overall=0.024106
2026-09-06 18:01:11,377 - INFO - Epoch[5] optimizer-step 2400/4608: overall=0.023682
2026-09-06 18:02:00,421 - INFO - Epoch[5] optimizer-step 2500/4608: overall=0.023584
2026-09-06 18:02:49,405 - INFO - Epoch[5] optimizer-step 2600/4608: overall=0.023664
2026-09-06 18:03:38,786 - INFO - Epoch[5] optimizer-step 2700/4608: overall=0.023609
2026-09-06 18:04:27,986 - INFO - Epoch[5] optimizer-step 2800/4608: overall=0.024047
2026-09-06 18:05:17,096 - INFO - Epoch[5] optimizer-step 2900/4608: overall=0.024287
2026-09-06 18:06:06,382 - INFO - Epoch[5] optimizer-step 3000/4608: overall=0.024380
2026-09-06 18:06:55,317 - INFO - Epoch[5] optimizer-step 3100/4608: overall=0.024248
2026-09-06 18:07:44,626 - INFO - Epoch[5] optimizer-step 3200/4608: overall=0.024295
2026-09-06 18:08:34,070 - INFO - Epoch[5] optimizer-step 3300/4608: overall=0.024285
2026-09-06 18:09:23,199 - INFO - Epoch[5] optimizer-step 3400/4608: overall=0.024798
2026-09-06 18:10:12,629 - INFO - Epoch[5] optimizer-step 3500/4608: overall=0.024773
2026-09-06 18:11:02,319 - INFO - Epoch[5] optimizer-step 3600/4608: overall=0.024947
2026-09-06 18:11:51,596 - INFO - Epoch[5] optimizer-step 3700/4608: overall=0.024995
2026-09-06 18:12:41,324 - INFO - Epoch[5] optimizer-step 3800/4608: overall=0.025003
2026-09-06 18:13:31,086 - INFO - Epoch[5] optimizer-step 3900/4608: overall=0.025140
2026-09-06 18:14:20,740 - INFO - Epoch[5] optimizer-step 4000/4608: overall=0.024923
2026-09-06 18:15:10,416 - INFO - Epoch[5] optimizer-step 4100/4608: overall=0.025052
2026-09-06 18:15:59,334 - INFO - Epoch[5] optimizer-step 4200/4608: overall=0.025136
2026-09-06 18:16:49,006 - INFO - Epoch[5] optimizer-step 4300/4608: overall=0.025196
2026-09-06 18:17:38,365 - INFO - Epoch[5] optimizer-step 4400/4608: overall=0.025206
2026-09-06 18:18:28,117 - INFO - Epoch[5] optimizer-step 4500/4608: overall=0.025468
2026-09-06 18:19:18,208 - INFO - Epoch[5] optimizer-step 4600/4608: overall=0.025468
2026-09-06 18:19:22,173 - INFO - Epoch[5] optimizer-step 4608/4608: overall=0.025490
2026-09-06 18:20:57,677 - INFO - ===> Epoch[5] completed; DEV frame_auc=0.986243, video_auc=0.996250, videos=720, best=False
2026-09-06 18:20:57,678 - INFO - ===> Epoch[5] end with DEV video_auc: 
================================ Each dataset best metric ================================ 
| DEV:  video_auc=0.9985894097222223  frame_auc=0.9853236019563164  completed_epoch=2  optimizer_steps_completed=13824  video_count=720  real_video_count=144  fake_video_count=576 | 
=============================================================================================
2026-09-06 18:20:57,679 - INFO - ===> Epoch[6] start
2026-09-06 18:20:58,633 - INFO - Epoch[6] optimizer-step 1/4608: overall=0.001147
2026-09-06 18:21:47,853 - INFO - Epoch[6] optimizer-step 100/4608: overall=0.015974
2026-09-06 18:22:37,161 - INFO - Epoch[6] optimizer-step 200/4608: overall=0.017657
2026-09-06 18:23:26,454 - INFO - Epoch[6] optimizer-step 300/4608: overall=0.018566
2026-09-06 18:24:16,107 - INFO - Epoch[6] optimizer-step 400/4608: overall=0.017061
2026-09-06 18:25:05,438 - INFO - Epoch[6] optimizer-step 500/4608: overall=0.018078
2026-09-06 18:25:54,788 - INFO - Epoch[6] optimizer-step 600/4608: overall=0.018806
2026-09-06 18:26:43,985 - INFO - Epoch[6] optimizer-step 700/4608: overall=0.020881
2026-09-06 18:27:33,144 - INFO - Epoch[6] optimizer-step 800/4608: overall=0.021137
2026-09-06 18:28:22,684 - INFO - Epoch[6] optimizer-step 900/4608: overall=0.021651
2026-09-06 18:29:12,418 - INFO - Epoch[6] optimizer-step 1000/4608: overall=0.021865
2026-09-06 18:30:01,352 - INFO - Epoch[6] optimizer-step 1100/4608: overall=0.022243
2026-09-06 18:30:51,300 - INFO - Epoch[6] optimizer-step 1200/4608: overall=0.021734
2026-09-06 18:31:41,343 - INFO - Epoch[6] optimizer-step 1300/4608: overall=0.022740
2026-09-06 18:32:31,375 - INFO - Epoch[6] optimizer-step 1400/4608: overall=0.022764
2026-09-06 18:33:21,179 - INFO - Epoch[6] optimizer-step 1500/4608: overall=0.023016
2026-09-06 18:34:10,549 - INFO - Epoch[6] optimizer-step 1600/4608: overall=0.023071
2026-09-06 18:35:00,343 - INFO - Epoch[6] optimizer-step 1700/4608: overall=0.022778
2026-09-06 18:35:50,049 - INFO - Epoch[6] optimizer-step 1800/4608: overall=0.022636
2026-09-06 18:36:39,559 - INFO - Epoch[6] optimizer-step 1900/4608: overall=0.022419
2026-09-06 18:37:28,586 - INFO - Epoch[6] optimizer-step 2000/4608: overall=0.022300
2026-09-06 18:38:17,728 - INFO - Epoch[6] optimizer-step 2100/4608: overall=0.022481
2026-09-06 18:39:06,849 - INFO - Epoch[6] optimizer-step 2200/4608: overall=0.022338
2026-09-06 18:39:56,001 - INFO - Epoch[6] optimizer-step 2300/4608: overall=0.022392
2026-09-06 18:40:44,701 - INFO - Epoch[6] optimizer-step 2400/4608: overall=0.022497
2026-09-06 18:41:34,031 - INFO - Epoch[6] optimizer-step 2500/4608: overall=0.022562
2026-09-06 18:42:23,529 - INFO - Epoch[6] optimizer-step 2600/4608: overall=0.022756
2026-09-06 18:43:12,598 - INFO - Epoch[6] optimizer-step 2700/4608: overall=0.022553
2026-09-06 18:44:01,602 - INFO - Epoch[6] optimizer-step 2800/4608: overall=0.022980
2026-09-06 18:44:50,681 - INFO - Epoch[6] optimizer-step 2900/4608: overall=0.023050
2026-09-06 18:45:40,518 - INFO - Epoch[6] optimizer-step 3000/4608: overall=0.022966
2026-09-06 18:46:29,296 - INFO - Epoch[6] optimizer-step 3100/4608: overall=0.022909
2026-09-06 18:47:18,455 - INFO - Epoch[6] optimizer-step 3200/4608: overall=0.023040
2026-09-06 18:48:06,878 - INFO - Epoch[6] optimizer-step 3300/4608: overall=0.022885
2026-09-06 18:48:56,037 - INFO - Epoch[6] optimizer-step 3400/4608: overall=0.022719
2026-09-06 18:49:45,070 - INFO - Epoch[6] optimizer-step 3500/4608: overall=0.022840
2026-09-06 18:50:34,014 - INFO - Epoch[6] optimizer-step 3600/4608: overall=0.022948
2026-09-06 18:51:23,495 - INFO - Epoch[6] optimizer-step 3700/4608: overall=0.023200
2026-09-06 18:52:12,505 - INFO - Epoch[6] optimizer-step 3800/4608: overall=0.023190
2026-09-06 18:53:01,631 - INFO - Epoch[6] optimizer-step 3900/4608: overall=0.023303
2026-09-06 18:53:51,177 - INFO - Epoch[6] optimizer-step 4000/4608: overall=0.023178
2026-09-06 18:54:39,760 - INFO - Epoch[6] optimizer-step 4100/4608: overall=0.023118
2026-09-06 18:55:29,334 - INFO - Epoch[6] optimizer-step 4200/4608: overall=0.023065
2026-09-06 18:56:18,264 - INFO - Epoch[6] optimizer-step 4300/4608: overall=0.023393
2026-09-06 18:57:07,476 - INFO - Epoch[6] optimizer-step 4400/4608: overall=0.023435
2026-09-06 18:57:56,612 - INFO - Epoch[6] optimizer-step 4500/4608: overall=0.023371
2026-09-06 18:58:45,824 - INFO - Epoch[6] optimizer-step 4600/4608: overall=0.023433
2026-09-06 18:58:49,853 - INFO - Epoch[6] optimizer-step 4608/4608: overall=0.023485
2026-09-06 19:00:25,463 - INFO - ===> Epoch[6] completed; DEV frame_auc=0.975950, video_auc=0.992670, videos=720, best=False
2026-09-06 19:00:25,464 - INFO - ===> Epoch[6] end with DEV video_auc: 
================================ Each dataset best metric ================================ 
| DEV:  video_auc=0.9985894097222223  frame_auc=0.9853236019563164  completed_epoch=2  optimizer_steps_completed=13824  video_count=720  real_video_count=144  fake_video_count=576 | 
=============================================================================================
2026-09-06 19:00:25,464 - INFO - ===> Epoch[7] start
2026-09-06 19:00:26,468 - INFO - Epoch[7] optimizer-step 1/4608: overall=0.039290
2026-09-06 19:01:15,042 - INFO - Epoch[7] optimizer-step 100/4608: overall=0.025164
2026-09-06 19:02:04,363 - INFO - Epoch[7] optimizer-step 200/4608: overall=0.024201
2026-09-06 19:02:53,470 - INFO - Epoch[7] optimizer-step 300/4608: overall=0.021691
2026-09-06 19:03:42,569 - INFO - Epoch[7] optimizer-step 400/4608: overall=0.021099
2026-09-06 19:04:32,205 - INFO - Epoch[7] optimizer-step 500/4608: overall=0.021071
2026-09-06 19:05:21,478 - INFO - Epoch[7] optimizer-step 600/4608: overall=0.021479
2026-09-06 19:06:10,385 - INFO - Epoch[7] optimizer-step 700/4608: overall=0.020403
2026-09-06 19:06:59,611 - INFO - Epoch[7] optimizer-step 800/4608: overall=0.020949
2026-09-06 19:07:48,156 - INFO - Epoch[7] optimizer-step 900/4608: overall=0.020402
2026-09-06 19:08:36,960 - INFO - Epoch[7] optimizer-step 1000/4608: overall=0.020928
2026-09-06 19:09:26,176 - INFO - Epoch[7] optimizer-step 1100/4608: overall=0.021528
2026-09-06 19:10:14,517 - INFO - Epoch[7] optimizer-step 1200/4608: overall=0.021334
2026-09-06 19:11:03,345 - INFO - Epoch[7] optimizer-step 1300/4608: overall=0.020703
2026-09-06 19:11:51,954 - INFO - Epoch[7] optimizer-step 1400/4608: overall=0.020812
2026-09-06 19:12:41,062 - INFO - Epoch[7] optimizer-step 1500/4608: overall=0.021244
2026-09-06 19:13:30,296 - INFO - Epoch[7] optimizer-step 1600/4608: overall=0.021777
2026-09-06 19:14:18,883 - INFO - Epoch[7] optimizer-step 1700/4608: overall=0.021974
2026-09-06 19:15:07,795 - INFO - Epoch[7] optimizer-step 1800/4608: overall=0.021579
2026-09-06 19:15:56,955 - INFO - Epoch[7] optimizer-step 1900/4608: overall=0.021121
2026-09-06 19:16:45,464 - INFO - Epoch[7] optimizer-step 2000/4608: overall=0.021577
2026-09-06 19:17:34,518 - INFO - Epoch[7] optimizer-step 2100/4608: overall=0.021947
2026-09-06 19:18:23,447 - INFO - Epoch[7] optimizer-step 2200/4608: overall=0.021984
2026-09-06 19:19:12,477 - INFO - Epoch[7] optimizer-step 2300/4608: overall=0.021990
2026-09-06 19:20:02,142 - INFO - Epoch[7] optimizer-step 2400/4608: overall=0.022158
2026-09-06 19:20:51,048 - INFO - Epoch[7] optimizer-step 2500/4608: overall=0.021867
2026-09-06 19:21:40,313 - INFO - Epoch[7] optimizer-step 2600/4608: overall=0.022053
2026-09-06 19:22:28,908 - INFO - Epoch[7] optimizer-step 2700/4608: overall=0.022150
2026-09-06 19:23:18,489 - INFO - Epoch[7] optimizer-step 2800/4608: overall=0.022015
2026-09-06 19:24:07,957 - INFO - Epoch[7] optimizer-step 2900/4608: overall=0.022100
2026-09-06 19:24:56,878 - INFO - Epoch[7] optimizer-step 3000/4608: overall=0.022136
2026-09-06 19:25:46,858 - INFO - Epoch[7] optimizer-step 3100/4608: overall=0.022080
2026-09-06 19:26:35,831 - INFO - Epoch[7] optimizer-step 3200/4608: overall=0.021903
2026-09-06 19:27:25,486 - INFO - Epoch[7] optimizer-step 3300/4608: overall=0.021938
2026-09-06 19:28:15,572 - INFO - Epoch[7] optimizer-step 3400/4608: overall=0.022180
2026-09-06 19:29:04,540 - INFO - Epoch[7] optimizer-step 3500/4608: overall=0.022058
2026-09-06 19:29:53,719 - INFO - Epoch[7] optimizer-step 3600/4608: overall=0.022174
2026-09-06 19:30:42,116 - INFO - Epoch[7] optimizer-step 3700/4608: overall=0.022400
2026-09-06 19:31:31,655 - INFO - Epoch[7] optimizer-step 3800/4608: overall=0.022466
2026-09-06 19:32:20,877 - INFO - Epoch[7] optimizer-step 3900/4608: overall=0.022262
2026-09-06 19:33:09,121 - INFO - Epoch[7] optimizer-step 4000/4608: overall=0.022173
2026-09-06 19:33:58,392 - INFO - Epoch[7] optimizer-step 4100/4608: overall=0.022290
2026-09-06 19:34:46,735 - INFO - Epoch[7] optimizer-step 4200/4608: overall=0.022342
2026-09-06 19:35:35,797 - INFO - Epoch[7] optimizer-step 4300/4608: overall=0.022534
2026-09-06 19:36:25,132 - INFO - Epoch[7] optimizer-step 4400/4608: overall=0.022596
2026-09-06 19:37:13,643 - INFO - Epoch[7] optimizer-step 4500/4608: overall=0.022682
2026-09-06 19:38:03,202 - INFO - Epoch[7] optimizer-step 4600/4608: overall=0.022616
2026-09-06 19:38:07,145 - INFO - Epoch[7] optimizer-step 4608/4608: overall=0.022617
2026-09-06 19:39:41,635 - INFO - ===> Epoch[7] completed; DEV frame_auc=0.967587, video_auc=0.997854, videos=720, best=False
2026-09-06 19:39:41,636 - INFO - ===> Epoch[7] end with DEV video_auc: 
================================ Each dataset best metric ================================ 
| DEV:  video_auc=0.9985894097222223  frame_auc=0.9853236019563164  completed_epoch=2  optimizer_steps_completed=13824  video_count=720  real_video_count=144  fake_video_count=576 | 
=============================================================================================
2026-09-06 19:39:41,636 - INFO - ===> Epoch[8] start
2026-09-06 19:39:42,575 - INFO - Epoch[8] optimizer-step 1/4608: overall=0.008754
2026-09-06 19:40:31,398 - INFO - Epoch[8] optimizer-step 100/4608: overall=0.020928
2026-09-06 19:41:20,167 - INFO - Epoch[8] optimizer-step 200/4608: overall=0.023053
2026-09-06 19:42:09,572 - INFO - Epoch[8] optimizer-step 300/4608: overall=0.019577
2026-09-06 19:42:58,796 - INFO - Epoch[8] optimizer-step 400/4608: overall=0.018565
2026-09-06 19:43:48,479 - INFO - Epoch[8] optimizer-step 500/4608: overall=0.018071
2026-09-06 19:44:37,809 - INFO - Epoch[8] optimizer-step 600/4608: overall=0.020889
2026-09-06 19:45:27,073 - INFO - Epoch[8] optimizer-step 700/4608: overall=0.019822
2026-09-06 19:46:16,843 - INFO - Epoch[8] optimizer-step 800/4608: overall=0.021070
2026-09-06 19:47:05,786 - INFO - Epoch[8] optimizer-step 900/4608: overall=0.021470
2026-09-06 19:47:54,908 - INFO - Epoch[8] optimizer-step 1000/4608: overall=0.021016
2026-09-06 19:48:44,512 - INFO - Epoch[8] optimizer-step 1100/4608: overall=0.021149
2026-09-06 19:49:33,064 - INFO - Epoch[8] optimizer-step 1200/4608: overall=0.021409
2026-09-06 19:50:22,789 - INFO - Epoch[8] optimizer-step 1300/4608: overall=0.021066
2026-09-06 19:51:11,238 - INFO - Epoch[8] optimizer-step 1400/4608: overall=0.021052
2026-09-06 19:52:00,517 - INFO - Epoch[8] optimizer-step 1500/4608: overall=0.021961
2026-09-06 19:52:49,827 - INFO - Epoch[8] optimizer-step 1600/4608: overall=0.021949
2026-09-06 19:53:38,236 - INFO - Epoch[8] optimizer-step 1700/4608: overall=0.021997
2026-09-06 19:54:27,359 - INFO - Epoch[8] optimizer-step 1800/4608: overall=0.021822
2026-09-06 19:55:15,756 - INFO - Epoch[8] optimizer-step 1900/4608: overall=0.021853
2026-09-06 19:56:04,700 - INFO - Epoch[8] optimizer-step 2000/4608: overall=0.021812
2026-09-06 19:56:53,705 - INFO - Epoch[8] optimizer-step 2100/4608: overall=0.021586
2026-09-06 19:57:42,147 - INFO - Epoch[8] optimizer-step 2200/4608: overall=0.021711
2026-09-06 19:58:31,930 - INFO - Epoch[8] optimizer-step 2300/4608: overall=0.021969
2026-09-06 19:59:21,132 - INFO - Epoch[8] optimizer-step 2400/4608: overall=0.021797
2026-09-06 20:00:10,970 - INFO - Epoch[8] optimizer-step 2500/4608: overall=0.021796
2026-09-06 20:01:00,706 - INFO - Epoch[8] optimizer-step 2600/4608: overall=0.021731
2026-09-06 20:01:49,468 - INFO - Epoch[8] optimizer-step 2700/4608: overall=0.021767
2026-09-06 20:02:39,018 - INFO - Epoch[8] optimizer-step 2800/4608: overall=0.021323
2026-09-06 20:03:27,845 - INFO - Epoch[8] optimizer-step 2900/4608: overall=0.021057
2026-09-06 20:04:17,364 - INFO - Epoch[8] optimizer-step 3000/4608: overall=0.021097
2026-09-06 20:05:06,598 - INFO - Epoch[8] optimizer-step 3100/4608: overall=0.021288
2026-09-06 20:05:55,077 - INFO - Epoch[8] optimizer-step 3200/4608: overall=0.021552
2026-09-06 20:06:44,398 - INFO - Epoch[8] optimizer-step 3300/4608: overall=0.021516
2026-09-06 20:07:33,249 - INFO - Epoch[8] optimizer-step 3400/4608: overall=0.021665
2026-09-06 20:08:22,517 - INFO - Epoch[8] optimizer-step 3500/4608: overall=0.021495
2026-09-06 20:09:11,862 - INFO - Epoch[8] optimizer-step 3600/4608: overall=0.021627
2026-09-06 20:10:00,442 - INFO - Epoch[8] optimizer-step 3700/4608: overall=0.021635
2026-09-06 20:10:49,609 - INFO - Epoch[8] optimizer-step 3800/4608: overall=0.021644
2026-09-06 20:11:38,032 - INFO - Epoch[8] optimizer-step 3900/4608: overall=0.021664
2026-09-06 20:12:27,153 - INFO - Epoch[8] optimizer-step 4000/4608: overall=0.021572
2026-09-06 20:13:16,982 - INFO - Epoch[8] optimizer-step 4100/4608: overall=0.021658
2026-09-06 20:14:05,911 - INFO - Epoch[8] optimizer-step 4200/4608: overall=0.021779
2026-09-06 20:14:55,542 - INFO - Epoch[8] optimizer-step 4300/4608: overall=0.021895
2026-09-06 20:15:44,129 - INFO - Epoch[8] optimizer-step 4400/4608: overall=0.021837
2026-09-06 20:16:33,679 - INFO - Epoch[8] optimizer-step 4500/4608: overall=0.021841
2026-09-06 20:17:23,141 - INFO - Epoch[8] optimizer-step 4600/4608: overall=0.021902
2026-09-06 20:17:26,937 - INFO - Epoch[8] optimizer-step 4608/4608: overall=0.021875
2026-09-06 20:19:01,828 - INFO - ===> Epoch[8] completed; DEV frame_auc=0.987421, video_auc=0.998228, videos=720, best=False
2026-09-06 20:19:01,828 - INFO - ===> Epoch[8] end with DEV video_auc: 
================================ Each dataset best metric ================================ 
| DEV:  video_auc=0.9985894097222223  frame_auc=0.9853236019563164  completed_epoch=2  optimizer_steps_completed=13824  video_count=720  real_video_count=144  fake_video_count=576 | 
=============================================================================================
2026-09-06 20:19:01,829 - INFO - ===> Epoch[9] start
2026-09-06 20:19:02,834 - INFO - Epoch[9] optimizer-step 1/4608: overall=0.006188
2026-09-06 20:19:51,252 - INFO - Epoch[9] optimizer-step 100/4608: overall=0.012528
2026-09-06 20:20:41,055 - INFO - Epoch[9] optimizer-step 200/4608: overall=0.015594
2026-09-06 20:21:30,488 - INFO - Epoch[9] optimizer-step 300/4608: overall=0.015469
2026-09-06 20:22:19,667 - INFO - Epoch[9] optimizer-step 400/4608: overall=0.017456
2026-09-06 20:23:09,774 - INFO - Epoch[9] optimizer-step 500/4608: overall=0.017952
2026-09-06 20:23:59,308 - INFO - Epoch[9] optimizer-step 600/4608: overall=0.017782
2026-09-06 20:24:49,413 - INFO - Epoch[9] optimizer-step 700/4608: overall=0.017639
2026-09-06 20:25:39,259 - INFO - Epoch[9] optimizer-step 800/4608: overall=0.017271
2026-09-06 20:26:28,940 - INFO - Epoch[9] optimizer-step 900/4608: overall=0.017461
2026-09-06 20:27:18,829 - INFO - Epoch[9] optimizer-step 1000/4608: overall=0.018129
2026-09-06 20:28:08,381 - INFO - Epoch[9] optimizer-step 1100/4608: overall=0.017318
2026-09-06 20:28:57,524 - INFO - Epoch[9] optimizer-step 1200/4608: overall=0.018041
2026-09-06 20:29:46,664 - INFO - Epoch[9] optimizer-step 1300/4608: overall=0.018286
2026-09-06 20:30:35,071 - INFO - Epoch[9] optimizer-step 1400/4608: overall=0.018497
2026-09-06 20:31:23,814 - INFO - Epoch[9] optimizer-step 1500/4608: overall=0.019201
2026-09-06 20:32:11,539 - INFO - Epoch[9] optimizer-step 1600/4608: overall=0.019371
2026-09-06 20:33:00,803 - INFO - Epoch[9] optimizer-step 1700/4608: overall=0.019977
2026-09-06 20:33:49,895 - INFO - Epoch[9] optimizer-step 1800/4608: overall=0.019775
2026-09-06 20:34:37,857 - INFO - Epoch[9] optimizer-step 1900/4608: overall=0.019751
2026-09-06 20:35:26,556 - INFO - Epoch[9] optimizer-step 2000/4608: overall=0.019849
2026-09-06 20:36:14,554 - INFO - Epoch[9] optimizer-step 2100/4608: overall=0.019616
2026-09-06 20:37:03,099 - INFO - Epoch[9] optimizer-step 2200/4608: overall=0.019363
2026-09-06 20:37:50,973 - INFO - Epoch[9] optimizer-step 2300/4608: overall=0.019376
2026-09-06 20:38:40,816 - INFO - Epoch[9] optimizer-step 2400/4608: overall=0.019430
2026-09-06 20:39:29,432 - INFO - Epoch[9] optimizer-step 2500/4608: overall=0.019571
2026-09-06 20:40:17,231 - INFO - Epoch[9] optimizer-step 2600/4608: overall=0.020218
2026-09-06 20:41:05,934 - INFO - Epoch[9] optimizer-step 2700/4608: overall=0.020398
2026-09-06 20:41:53,582 - INFO - Epoch[9] optimizer-step 2800/4608: overall=0.020410
2026-09-06 20:42:42,470 - INFO - Epoch[9] optimizer-step 2900/4608: overall=0.020103
2026-09-06 20:43:30,338 - INFO - Epoch[9] optimizer-step 3000/4608: overall=0.019859
2026-09-06 20:46:46,232 - INFO - Epoch[9] optimizer-step 3100/4608: overall=0.020200
2026-09-06 20:54:25,740 - INFO - Epoch[9] optimizer-step 3200/4608: overall=0.020027
2026-09-06 20:55:11,161 - INFO - Epoch[9] optimizer-step 3300/4608: overall=0.020109
2026-09-06 20:55:57,889 - INFO - Epoch[9] optimizer-step 3400/4608: overall=0.020271
2026-09-06 20:56:44,349 - INFO - Epoch[9] optimizer-step 3500/4608: overall=0.020250
2026-09-06 20:57:31,829 - INFO - Epoch[9] optimizer-step 3600/4608: overall=0.020398
2026-09-06 20:58:18,824 - INFO - Epoch[9] optimizer-step 3700/4608: overall=0.020345
2026-09-06 20:59:06,364 - INFO - Epoch[9] optimizer-step 3800/4608: overall=0.020310
2026-09-06 20:59:55,357 - INFO - Epoch[9] optimizer-step 3900/4608: overall=0.020176
2026-09-06 21:00:43,226 - INFO - Epoch[9] optimizer-step 4000/4608: overall=0.020220
2026-09-06 21:01:31,001 - INFO - Epoch[9] optimizer-step 4100/4608: overall=0.020464
2026-09-06 21:02:19,297 - INFO - Epoch[9] optimizer-step 4200/4608: overall=0.020304
2026-09-06 21:03:07,369 - INFO - Epoch[9] optimizer-step 4300/4608: overall=0.020415
2026-09-06 21:03:54,749 - INFO - Epoch[9] optimizer-step 4400/4608: overall=0.020467
2026-09-06 21:04:42,814 - INFO - Epoch[9] optimizer-step 4500/4608: overall=0.020363
2026-09-06 21:05:30,354 - INFO - Epoch[9] optimizer-step 4600/4608: overall=0.020418
2026-09-06 21:05:34,069 - INFO - Epoch[9] optimizer-step 4608/4608: overall=0.020390
2026-09-06 21:07:07,052 - INFO - ===> Epoch[9] completed; DEV frame_auc=0.984773, video_auc=0.996564, videos=720, best=False
2026-09-06 21:07:07,065 - INFO - ===> Epoch[9] end with DEV video_auc: 
================================ Each dataset best metric ================================ 
| DEV:  video_auc=0.9985894097222223  frame_auc=0.9853236019563164  completed_epoch=2  optimizer_steps_completed=13824  video_count=720  real_video_count=144  fake_video_count=576 | 
=============================================================================================
2026-09-06 21:07:07,066 - INFO - Training completed. Best DEV metric: 
================================ Each dataset best metric ================================ 
| DEV:  video_auc=0.9985894097222223  frame_auc=0.9853236019563164  completed_epoch=2  optimizer_steps_completed=13824  video_count=720  real_video_count=144  fake_video_count=576 | 
=============================================================================================
